// Jest Snapshot v1, https://goo.gl/fbAQLP

exports[`Thread actions - ADD_BATCH should add threads to state 1`] = `
Immutable.Map {
  "1": Immutable.Map {
    "list": Immutable.List [
      Immutable.Map {
        "allLabels": Immutable.Set [
          1,
          2,
          3,
        ],
        "fromContactName": Immutable.List [
          "User a",
        ],
        "lastEmailId": "6Za2dcMlE0OSSc9",
        "threadId": "6Za2dcMlE0OSSc9",
        "trashDate": null,
        "preview": "v3m cNvAeKiY1EakWwnfTvLdO22YzkuS7bILjnWncQCwqHBHWfYNsQekd4A3",
        "uniqueId": "6Za2dcMlE0OSSc9",
        "subject": "v3m cNvAeKiY1EakWwnfTvLdO22YzkuS7bILjnWncQCwqHBHWfYNsQekd4A3",
        "date": "2018-09-10 16:13:30",
        "unread": true,
        "recipientContactIds": Immutable.Set [
          1,
        ],
        "status": 0,
        "secure": true,
        "content": "v3m cNvAeKiY1EakWwnfTvLdO22YzkuS7bILjnWncQCwqHBHWfYNsQekd4A3",
        "id": 1,
        "emailIds": Immutable.List [
          1,
          2,
        ],
        "key": "6Za2dcMlE0OSSc9",
      },
      Immutable.Map {
        "allLabels": Immutable.Set [
          5,
        ],
        "fromContactName": Immutable.List [
          "User a",
        ],
        "lastEmailId": "cuW6ElyoqsR7MMw",
        "threadId": null,
        "trashDate": null,
        "preview": "Jq pUgbu1A0gywTYTeKuWfyfCNGgvWKnAK6SHx0ur 7qcMH3PU5S7ESoLTA3",
        "uniqueId": 2,
        "subject": "Jq pUgbu1A0gywTYTeKuWfyfCNGgvWKnAK6SHx0ur 7qcMH3PU5S7ESoLTA3",
        "date": "2018-09-10 16:23:30",
        "unread": true,
        "recipientContactIds": Immutable.Set [
          1,
        ],
        "status": 0,
        "secure": true,
        "content": "Jq pUgbu1A0gywTYTeKuWfyfCNGgvWKnAK6SHx0ur 7qcMH3PU5S7ESoLTA3",
        "id": 2,
        "emailIds": Immutable.List [
          2,
        ],
        "key": "cuW6ElyoqsR7MMw",
      },
    ],
    "allIds": Immutable.Set [
      "6Za2dcMlE0OSSc9",
      2,
    ],
  },
}
`;
