// Jest Snapshot v1, https://goo.gl/fbAQLP

exports[`Load data labels from Label Table: Should load all labels 1`] = `
Object {
  "accountId": null,
  "color": "0091ff",
  "id": 1,
  "text": "Inbox",
  "type": "system",
  "uuid": "00000000-0000-0000-0000-000000000001",
  "visible": true,
}
`;

exports[`Load data labels from Label Table: Should load label by labelId 1`] = `
Object {
  "accountId": null,
  "color": "0091ff",
  "id": 1,
  "text": "Inbox",
  "type": "system",
  "uuid": "00000000-0000-0000-0000-000000000001",
  "visible": true,
}
`;

exports[`Load data labels from Label Table: Should load label by uuid 1`] = `
Object {
  "accountId": 1,
  "color": "777777",
  "id": 9,
  "text": "label",
  "type": "custom",
  "uuid": "00000000-0000-0000-0000-000000000008",
  "visible": true,
}
`;

exports[`Store data label to Label Table: Should create labels to db 1`] = `
Array [
  Object {
    "color": "0091ff",
    "id": 1,
    "text": "Inbox",
    "type": "system",
    "uuid": "00000000-0000-0000-0000-000000000001",
    "visible": true,
  },
  Object {
    "color": "ff0000",
    "id": 2,
    "text": "Spam",
    "type": "system",
    "uuid": "00000000-0000-0000-0000-000000000002",
    "visible": true,
  },
  Object {
    "color": "1a9759",
    "id": 3,
    "text": "Sent",
    "type": "system",
    "uuid": "00000000-0000-0000-0000-000000000003",
    "visible": true,
  },
  Object {
    "color": "ffce4b",
    "id": 5,
    "text": "Starred",
    "type": "system",
    "uuid": "00000000-0000-0000-0000-000000000005",
    "visible": true,
  },
  Object {
    "color": "666666",
    "id": 6,
    "text": "Draft",
    "type": "system",
    "uuid": "00000000-0000-0000-0000-000000000006",
    "visible": true,
  },
  Object {
    "color": "b00e0e",
    "id": 7,
    "text": "Trash",
    "type": "system",
    "uuid": "00000000-0000-0000-0000-000000000007",
    "visible": true,
  },
]
`;
